// Jest Snapshot v1, https://goo.gl/fbAQLP

exports[`renders learn react link 1`] = `
<div>
  <div
    class="status"
  >
    Next player: X
  </div>
  <div
    class="board-row"
  >
    <button
      class="square"
    />
    <button
      class="square"
    />
    <button
      class="square"
    />
  </div>
  <div
    class="board-row"
  >
    <button
      class="square"
    />
    <button
      class="square"
    />
    <button
      class="square"
    />
  </div>
  <div
    class="board-row"
  >
    <button
      class="square"
    />
    <button
      class="square"
    />
    <button
      class="square"
    />
  </div>
</div>
`;
